---
source: src/definition.rs
expression: "&errs"
input_file: src/snapshots/validation/only_if_not_filled_yet_var.toml
---
[
    "Variable `pg_version` depends on `database`, which wasn't asked",
]
