---
source: src/definition.rs
expression: "&errs"
input_file: src/snapshots/validation/valid.toml
---
Ok(
    [],
)
