---
source: src/definition.rs
expression: "&errs"
input_file: src/snapshots/validation/invalid_regex.toml
---
Ok(
    [
        "Variable `project_name` has an invalid validation regex: **[0-9]++",
    ],
)
