---
source: src/definition.rs
expression: "&errs"
input_file: src/snapshots/validation/only_if_matching_type.toml
---
Ok(
    [
        "Variable `pg_version` depends on `database=true`, but the type of `database` is string",
    ],
)
